{
    "reads_father [bam]": {
        "content": [
            {
                "0": [
                    [
                        {
                            "id": "NA12877"
                        },
                        "reads_father.bam.g.vcf:md5,dafb8478c3fe7fd436d152218f0435a5",
                        "reads_father.bam.g.vcf.idx:md5,b3ac7efdb22e113fa88c90f8a91e790a"
                    ]
                ]
            }
        ],
        "meta": {
            "nf-test": "0.8.4",
            "nextflow": "24.02.0"
        },
        "timestamp": "2024-04-18T20:57:40.602376102"
    },
    "reads_son [bam]": {
        "content": [
            {
                "0": [
                    [
                        {
                            "id": "NA12882"
                        },
                        "reads_son.bam.g.vcf:md5,96594b152dd3ed9a0a672bca305e1ae6",
                        "reads_son.bam.g.vcf.idx:md5,09bcb5615dfaab274d9632b689b2ed83"
                    ]
                ]
            }
        ],
        "meta": {
            "nf-test": "0.8.4",
            "nextflow": "24.02.0"
        },
        "timestamp": "2024-04-18T20:57:02.95077265"
    },
    "reads_mother [bam]": {
        "content": [
            {
                "0": [
                    [
                        {
                            "id": "NA12878"
                        },
                        "reads_mother.bam.g.vcf:md5,f386344bddd5c19bc87f6b32f2343bc3",
                        "reads_mother.bam.g.vcf.idx:md5,3c0992912535547bf29093c220645d1a"
                    ]
                ]
            }
        ],
        "meta": {
            "nf-test": "0.8.4",
            "nextflow": "24.02.0"
        },
        "timestamp": "2024-04-18T20:57:22.446445773"
    }
}